// Vitest Snapshot v1, https://vitest.dev/guide/snapshot.html

exports[`cli main routing > preserves help output for 'backend' via snapshot 1`] = `
"Usage: coral-cli backend [options] [command]

Backend daemon control

Options:
  -h, --help      display help for command

Commands:
  status          Show backend daemon status
  shutdown        Gracefully shut down backend daemon
  help [command]  display help for command
"
`;

exports[`cli main routing > preserves help output for 'codex' via snapshot 1`] = `
"Usage: coral-cli codex [options] [agent]

codex provider operations

Arguments:
  agent                          Agent name (omit for raw execution)

Options:
  -i, --input <text-or-file...>  Prompt text or file path (multiple tokens are
                                 joined with spaces; a single existing path is
                                 read as a file)
  -s, --session <id>             Session ID
  -w, --work-dir <path>          Working directory
  -m, --model <model>            Model override
  -o, --owner <id>               Owner ID for memo isolation
  -b, --bypass-permissions       Bypass permission checks
  -d, --detach                   Return launch decision without waiting
  -h, --help                     display help for command
"
`;

exports[`cli main routing > preserves help output for 'discuss' via snapshot 1`] = `
"Usage: coral-cli discuss [options] [command]

Discussion operations

Options:
  -h, --help             display help for command

Commands:
  seed [options]         Generate discussion personas
  start [options]        Start a discussion session
  watch [options]        Fetch discussion events since cursor (returns new
                         events; increment cursor for next call)
  participate [options]  Submit bid or speech
  abort [options]        Abort a discussion session
  help [command]         display help for command
"
`;

exports[`cli main routing > preserves help output for 'kb memo' via snapshot 1`] = `
"Usage: coral-cli kb memo [options] [command]

Manage project memos

Options:
  -h, --help                  display help for command

Commands:
  write [options]             Write a memo with auto-generated timestamp and
                              frontmatter
  list [options]              List project memos
  delete [options] <pattern>  Delete project memos by simple glob pattern
  purge [options]             Delete all project memos
  help [command]              display help for command
"
`;

exports[`cli main routing > preserves help output for 'kb source' via snapshot 1`] = `
"Usage: coral-cli kb source [options] [command]

Manage KB sources

Options:
  -h, --help               display help for command

Commands:
  import [options] <file>  Import a source file into the KB
  list                     List KB sources
  delete <slug>            Delete a KB source
  help [command]           display help for command
"
`;

exports[`cli main routing > preserves help output for 'kb' via snapshot 1`] = `
"Usage: coral-cli kb [options] [command]

Knowledge base operations

Options:
  -h, --help                display help for command

Commands:
  search [options] <query>  Search KB entries
  principles [options]      List KB principles
  source                    Manage KB sources
  memo                      Manage project memos
  read <note>               Read a KB entry by slug or explicit selector
  promote [options]         Promote a memo into a KB note
  update [options] <note>   Update an existing KB note
  delete <note>             Delete a KB note
  reindex                   Rebuild the KB index
  help [command]            display help for command
"
`;

exports[`cli main routing > preserves help output for 'workflow' via snapshot 1`] = `
"Usage: coral-cli workflow [options]

Execute a workflow pipeline

Options:
  -e, --expression <expr>               Pipeline DSL expression
  -s, --start-prompt <text-or-file...>  Start prompt text or file path (multiple
                                        tokens are joined with spaces; a single
                                        existing path is read as a file)
  -c, --context <text-or-file...>       Shared context text or file path
                                        (multiple tokens are joined with spaces;
                                        a single existing path is read as a
                                        file)
  -p, --provider <name>                 Provider name (registered provider)
  -w, --work-dir <path>                 Working directory
  -o, --owner <id>                      Session owner ID for memo isolation
  -d, --detach                          Return launch decision without waiting
  -h, --help                            display help for command
"
`;

exports[`cli main routing > preserves top-level help output via snapshot 1`] = `
"Usage: coral-cli [options] [command]

Coral CLI — invoke providers, monitor jobs, and manage discuss sessions

Options:
  -V, --version                 output the version number
  -f, --output-format <format>  Output format (choices: "text", "json", default:
                                "text")
  -h, --help                    display help for command

Commands:
  codex [options] [agent]       codex provider operations
  claude [options] [agent]      claude provider operations
  simulate <file>               Run a simulation scenario from a YAML document
  jobs [options]                List jobs for the current project
  wait [options]                Stream job progress (NDJSON output)
  abort [options]               Abort running jobs
  workflow [options]            Execute a workflow pipeline
  backend                       Backend daemon control
  discuss                       Discussion operations
  kb                            Knowledge base operations
  help [command]                display help for command
"
`;
